                                      1 ;--------------------------------------------------------
                                      2 ; File Created by SDCC : free open source ANSI-C Compiler
                                      3 ; Version 3.8.0 #10562 (Linux)
                                      4 ;--------------------------------------------------------
                                      5 	.module delay
                                      6 	.optsdcc -mmcs51 --model-small
                                      7 	
                                      8 ;--------------------------------------------------------
                                      9 ; Public variables in this module
                                     10 ;--------------------------------------------------------
                                     11 	.globl _CY
                                     12 	.globl _AC
                                     13 	.globl _F0
                                     14 	.globl _RS1
                                     15 	.globl _RS0
                                     16 	.globl _OV
                                     17 	.globl _F1
                                     18 	.globl _P
                                     19 	.globl _PS
                                     20 	.globl _PT1
                                     21 	.globl _PX1
                                     22 	.globl _PT0
                                     23 	.globl _PX0
                                     24 	.globl _RD
                                     25 	.globl _WR
                                     26 	.globl _T1
                                     27 	.globl _T0
                                     28 	.globl _INT1
                                     29 	.globl _INT0
                                     30 	.globl _TXD
                                     31 	.globl _RXD
                                     32 	.globl _P3_7
                                     33 	.globl _P3_6
                                     34 	.globl _P3_5
                                     35 	.globl _P3_4
                                     36 	.globl _P3_3
                                     37 	.globl _P3_2
                                     38 	.globl _P3_1
                                     39 	.globl _P3_0
                                     40 	.globl _EA
                                     41 	.globl _ES
                                     42 	.globl _ET1
                                     43 	.globl _EX1
                                     44 	.globl _ET0
                                     45 	.globl _EX0
                                     46 	.globl _P2_7
                                     47 	.globl _P2_6
                                     48 	.globl _P2_5
                                     49 	.globl _P2_4
                                     50 	.globl _P2_3
                                     51 	.globl _P2_2
                                     52 	.globl _P2_1
                                     53 	.globl _P2_0
                                     54 	.globl _SM0
                                     55 	.globl _SM1
                                     56 	.globl _SM2
                                     57 	.globl _REN
                                     58 	.globl _TB8
                                     59 	.globl _RB8
                                     60 	.globl _TI
                                     61 	.globl _RI
                                     62 	.globl _P1_7
                                     63 	.globl _P1_6
                                     64 	.globl _P1_5
                                     65 	.globl _P1_4
                                     66 	.globl _P1_3
                                     67 	.globl _P1_2
                                     68 	.globl _P1_1
                                     69 	.globl _P1_0
                                     70 	.globl _TF1
                                     71 	.globl _TR1
                                     72 	.globl _TF0
                                     73 	.globl _TR0
                                     74 	.globl _IE1
                                     75 	.globl _IT1
                                     76 	.globl _IE0
                                     77 	.globl _IT0
                                     78 	.globl _P0_7
                                     79 	.globl _P0_6
                                     80 	.globl _P0_5
                                     81 	.globl _P0_4
                                     82 	.globl _P0_3
                                     83 	.globl _P0_2
                                     84 	.globl _P0_1
                                     85 	.globl _P0_0
                                     86 	.globl _B
                                     87 	.globl _ACC
                                     88 	.globl _PSW
                                     89 	.globl _IP
                                     90 	.globl _P3
                                     91 	.globl _IE
                                     92 	.globl _P2
                                     93 	.globl _SBUF
                                     94 	.globl _SCON
                                     95 	.globl _P1
                                     96 	.globl _TH1
                                     97 	.globl _TH0
                                     98 	.globl _TL1
                                     99 	.globl _TL0
                                    100 	.globl _TMOD
                                    101 	.globl _TCON
                                    102 	.globl _PCON
                                    103 	.globl _DPH
                                    104 	.globl _DPL
                                    105 	.globl _SP
                                    106 	.globl _P0
                                    107 	.globl _delay_ms
                                    108 ;--------------------------------------------------------
                                    109 ; special function registers
                                    110 ;--------------------------------------------------------
                                    111 	.area RSEG    (ABS,DATA)
      000000                        112 	.org 0x0000
                           000080   113 _P0	=	0x0080
                           000081   114 _SP	=	0x0081
                           000082   115 _DPL	=	0x0082
                           000083   116 _DPH	=	0x0083
                           000087   117 _PCON	=	0x0087
                           000088   118 _TCON	=	0x0088
                           000089   119 _TMOD	=	0x0089
                           00008A   120 _TL0	=	0x008a
                           00008B   121 _TL1	=	0x008b
                           00008C   122 _TH0	=	0x008c
                           00008D   123 _TH1	=	0x008d
                           000090   124 _P1	=	0x0090
                           000098   125 _SCON	=	0x0098
                           000099   126 _SBUF	=	0x0099
                           0000A0   127 _P2	=	0x00a0
                           0000A8   128 _IE	=	0x00a8
                           0000B0   129 _P3	=	0x00b0
                           0000B8   130 _IP	=	0x00b8
                           0000D0   131 _PSW	=	0x00d0
                           0000E0   132 _ACC	=	0x00e0
                           0000F0   133 _B	=	0x00f0
                                    134 ;--------------------------------------------------------
                                    135 ; special function bits
                                    136 ;--------------------------------------------------------
                                    137 	.area RSEG    (ABS,DATA)
      000000                        138 	.org 0x0000
                           000080   139 _P0_0	=	0x0080
                           000081   140 _P0_1	=	0x0081
                           000082   141 _P0_2	=	0x0082
                           000083   142 _P0_3	=	0x0083
                           000084   143 _P0_4	=	0x0084
                           000085   144 _P0_5	=	0x0085
                           000086   145 _P0_6	=	0x0086
                           000087   146 _P0_7	=	0x0087
                           000088   147 _IT0	=	0x0088
                           000089   148 _IE0	=	0x0089
                           00008A   149 _IT1	=	0x008a
                           00008B   150 _IE1	=	0x008b
                           00008C   151 _TR0	=	0x008c
                           00008D   152 _TF0	=	0x008d
                           00008E   153 _TR1	=	0x008e
                           00008F   154 _TF1	=	0x008f
                           000090   155 _P1_0	=	0x0090
                           000091   156 _P1_1	=	0x0091
                           000092   157 _P1_2	=	0x0092
                           000093   158 _P1_3	=	0x0093
                           000094   159 _P1_4	=	0x0094
                           000095   160 _P1_5	=	0x0095
                           000096   161 _P1_6	=	0x0096
                           000097   162 _P1_7	=	0x0097
                           000098   163 _RI	=	0x0098
                           000099   164 _TI	=	0x0099
                           00009A   165 _RB8	=	0x009a
                           00009B   166 _TB8	=	0x009b
                           00009C   167 _REN	=	0x009c
                           00009D   168 _SM2	=	0x009d
                           00009E   169 _SM1	=	0x009e
                           00009F   170 _SM0	=	0x009f
                           0000A0   171 _P2_0	=	0x00a0
                           0000A1   172 _P2_1	=	0x00a1
                           0000A2   173 _P2_2	=	0x00a2
                           0000A3   174 _P2_3	=	0x00a3
                           0000A4   175 _P2_4	=	0x00a4
                           0000A5   176 _P2_5	=	0x00a5
                           0000A6   177 _P2_6	=	0x00a6
                           0000A7   178 _P2_7	=	0x00a7
                           0000A8   179 _EX0	=	0x00a8
                           0000A9   180 _ET0	=	0x00a9
                           0000AA   181 _EX1	=	0x00aa
                           0000AB   182 _ET1	=	0x00ab
                           0000AC   183 _ES	=	0x00ac
                           0000AF   184 _EA	=	0x00af
                           0000B0   185 _P3_0	=	0x00b0
                           0000B1   186 _P3_1	=	0x00b1
                           0000B2   187 _P3_2	=	0x00b2
                           0000B3   188 _P3_3	=	0x00b3
                           0000B4   189 _P3_4	=	0x00b4
                           0000B5   190 _P3_5	=	0x00b5
                           0000B6   191 _P3_6	=	0x00b6
                           0000B7   192 _P3_7	=	0x00b7
                           0000B0   193 _RXD	=	0x00b0
                           0000B1   194 _TXD	=	0x00b1
                           0000B2   195 _INT0	=	0x00b2
                           0000B3   196 _INT1	=	0x00b3
                           0000B4   197 _T0	=	0x00b4
                           0000B5   198 _T1	=	0x00b5
                           0000B6   199 _WR	=	0x00b6
                           0000B7   200 _RD	=	0x00b7
                           0000B8   201 _PX0	=	0x00b8
                           0000B9   202 _PT0	=	0x00b9
                           0000BA   203 _PX1	=	0x00ba
                           0000BB   204 _PT1	=	0x00bb
                           0000BC   205 _PS	=	0x00bc
                           0000D0   206 _P	=	0x00d0
                           0000D1   207 _F1	=	0x00d1
                           0000D2   208 _OV	=	0x00d2
                           0000D3   209 _RS0	=	0x00d3
                           0000D4   210 _RS1	=	0x00d4
                           0000D5   211 _F0	=	0x00d5
                           0000D6   212 _AC	=	0x00d6
                           0000D7   213 _CY	=	0x00d7
                                    214 ;--------------------------------------------------------
                                    215 ; overlayable register banks
                                    216 ;--------------------------------------------------------
                                    217 	.area REG_BANK_0	(REL,OVR,DATA)
      000000                        218 	.ds 8
                                    219 ;--------------------------------------------------------
                                    220 ; internal ram data
                                    221 ;--------------------------------------------------------
                                    222 	.area DSEG    (DATA)
                                    223 ;--------------------------------------------------------
                                    224 ; overlayable items in internal ram 
                                    225 ;--------------------------------------------------------
                                    226 	.area	OSEG    (OVR,DATA)
                                    227 ;--------------------------------------------------------
                                    228 ; indirectly addressable internal ram data
                                    229 ;--------------------------------------------------------
                                    230 	.area ISEG    (DATA)
                                    231 ;--------------------------------------------------------
                                    232 ; absolute internal ram data
                                    233 ;--------------------------------------------------------
                                    234 	.area IABS    (ABS,DATA)
                                    235 	.area IABS    (ABS,DATA)
                                    236 ;--------------------------------------------------------
                                    237 ; bit data
                                    238 ;--------------------------------------------------------
                                    239 	.area BSEG    (BIT)
                                    240 ;--------------------------------------------------------
                                    241 ; paged external ram data
                                    242 ;--------------------------------------------------------
                                    243 	.area PSEG    (PAG,XDATA)
                                    244 ;--------------------------------------------------------
                                    245 ; external ram data
                                    246 ;--------------------------------------------------------
                                    247 	.area XSEG    (XDATA)
                                    248 ;--------------------------------------------------------
                                    249 ; absolute external ram data
                                    250 ;--------------------------------------------------------
                                    251 	.area XABS    (ABS,XDATA)
                                    252 ;--------------------------------------------------------
                                    253 ; external initialized ram data
                                    254 ;--------------------------------------------------------
                                    255 	.area XISEG   (XDATA)
                                    256 	.area HOME    (CODE)
                                    257 	.area GSINIT0 (CODE)
                                    258 	.area GSINIT1 (CODE)
                                    259 	.area GSINIT2 (CODE)
                                    260 	.area GSINIT3 (CODE)
                                    261 	.area GSINIT4 (CODE)
                                    262 	.area GSINIT5 (CODE)
                                    263 	.area GSINIT  (CODE)
                                    264 	.area GSFINAL (CODE)
                                    265 	.area CSEG    (CODE)
                                    266 ;--------------------------------------------------------
                                    267 ; global & static initialisations
                                    268 ;--------------------------------------------------------
                                    269 	.area HOME    (CODE)
                                    270 	.area GSINIT  (CODE)
                                    271 	.area GSFINAL (CODE)
                                    272 	.area GSINIT  (CODE)
                                    273 ;--------------------------------------------------------
                                    274 ; Home
                                    275 ;--------------------------------------------------------
                                    276 	.area HOME    (CODE)
                                    277 	.area HOME    (CODE)
                                    278 ;--------------------------------------------------------
                                    279 ; code
                                    280 ;--------------------------------------------------------
                                    281 	.area CSEG    (CODE)
                                    282 ;------------------------------------------------------------
                                    283 ;Allocation info for local variables in function 'delay_ms'
                                    284 ;------------------------------------------------------------
                                    285 ;t                         Allocated to registers r6 r7 
                                    286 ;count                     Allocated to registers r4 r5 
                                    287 ;------------------------------------------------------------
                                    288 ;	delay.c:3: void delay_ms(uint16_t t)
                                    289 ;	-----------------------------------------
                                    290 ;	 function delay_ms
                                    291 ;	-----------------------------------------
      000000                        292 _delay_ms:
                           000007   293 	ar7 = 0x07
                           000006   294 	ar6 = 0x06
                           000005   295 	ar5 = 0x05
                           000004   296 	ar4 = 0x04
                           000003   297 	ar3 = 0x03
                           000002   298 	ar2 = 0x02
                           000001   299 	ar1 = 0x01
                           000000   300 	ar0 = 0x00
      000000 AE 82            [24]  301 	mov	r6,dpl
      000002 AF 83            [24]  302 	mov	r7,dph
                                    303 ;	delay.c:6: TMOD |= 0x01;
      000004 AC 89            [24]  304 	mov	r4,_TMOD
      000006 43 04 01         [24]  305 	orl	ar4,#0x01
      000009 8C 89            [24]  306 	mov	_TMOD,r4
                                    307 ;	delay.c:7: TH0 = 0xFC;
      00000B 75 8C FC         [24]  308 	mov	_TH0,#0xfc
                                    309 ;	delay.c:8: TL0 = 0x66;
      00000E 75 8A 66         [24]  310 	mov	_TL0,#0x66
                                    311 ;	delay.c:9: TR0 = 1;
                                    312 ;	assignBit
      000011 D2 8C            [12]  313 	setb	_TR0
                                    314 ;	delay.c:10: while (1)
      000013 7C 00            [12]  315 	mov	r4,#0x00
      000015 7D 00            [12]  316 	mov	r5,#0x00
      000017                        317 00106$:
                                    318 ;	delay.c:12: if (TF0 == 1)
      000017 30 8D 0D         [24]  319 	jnb	_TF0,00102$
                                    320 ;	delay.c:14: count++;
      00001A 0C               [12]  321 	inc	r4
      00001B BC 00 01         [24]  322 	cjne	r4,#0x00,00120$
      00001E 0D               [12]  323 	inc	r5
      00001F                        324 00120$:
                                    325 ;	delay.c:15: TF0 = 0;
                                    326 ;	assignBit
      00001F C2 8D            [12]  327 	clr	_TF0
                                    328 ;	delay.c:16: TH0 = 0xFC;
      000021 75 8C FC         [24]  329 	mov	_TH0,#0xfc
                                    330 ;	delay.c:17: TL0 = 0x66;
      000024 75 8A 66         [24]  331 	mov	_TL0,#0x66
      000027                        332 00102$:
                                    333 ;	delay.c:19: if (count >= t)
      000027 C3               [12]  334 	clr	c
      000028 EC               [12]  335 	mov	a,r4
      000029 9E               [12]  336 	subb	a,r6
      00002A ED               [12]  337 	mov	a,r5
      00002B 9F               [12]  338 	subb	a,r7
      00002C 40 E9            [24]  339 	jc	00106$
                                    340 ;	delay.c:21: break;
                                    341 ;	delay.c:24: }
      00002E 22               [24]  342 	ret
                                    343 	.area CSEG    (CODE)
                                    344 	.area CONST   (CODE)
                                    345 	.area XINIT   (CODE)
                                    346 	.area CABS    (ABS,CODE)
