ASxxxx Linker V03.00 + NoICE + sdld,  page 1.
Hexadecimal  [32-Bits]

Area                                    Addr        Size        Decimal Bytes (Attributes)
--------------------------------        ----        ----        ------- ----- ------------
CABS                                00000000    00000000 =           0. bytes (ABS,CON,CODE)

      Value  Global                              Global Defined In Module
      -----  --------------------------------   ------------------------
C:   00000000  l_BIT_BANK                      
C:   00000000  l_CABS                          
C:   00000000  l_GSINIT1                       
C:   00000000  l_GSINIT5                       
C:   00000000  l_IABS                          
C:   00000000  l_ISEG                          
C:   00000000  l_PSEG                          
C:   00000000  l_REG_BANK_1                    
C:   00000000  l_REG_BANK_2                    
C:   00000000  l_REG_BANK_3                    
C:   00000000  l_RSEG                          
C:   00000000  l_RSEG0                         
C:   00000000  l_RSEG1                         
C:   00000000  l_XABS                          
C:   00000000  l_XINIT                         
C:   00000000  l_XISEG                         
C:   00000000  l_XSEG                          
C:   00000000  l__CODE                         
C:   00000000  s_BSEG                          
C:   00000000  s_CABS                          
C:   00000000  s_DSEG                          
C:   00000000  s_HOME                          
C:   00000000  s_IABS                          
C:   00000000  s_ISEG                          
C:   00000000  s_REG_BANK_0                    
C:   00000000  s_RSEG                          
C:   00000000  s_RSEG0                         
C:   00000000  s_RSEG1                         
C:   00000000  s_XABS                          
C:   00000001  l_BSEG                          
C:   00000001  l_BSEG_BYTES                    
C:   00000001  s_PSEG                          
C:   00000001  s_XISEG                         
C:   00000001  s_XSEG                          
C:   00000002  l_OSEG                          
C:   00000003  l_GSFINAL                       
C:   00000003  l_GSINIT0                       
C:   00000006  l_HOME                          
C:   00000006  s_GSINIT0                       
C:   00000008  l_REG_BANK_0                    
C:   00000008  s_REG_BANK_1                    
C:   00000009  s_GSINIT1                       
C:   00000009  s_GSINIT2                       
C:   0000000A  l_GSINIT2                       
C:   0000000F  l_GSINIT                        
C:   00000010  s_REG_BANK_2                    
C:   00000013  s_GSINIT3                       
C:   00000014  l_CONST                         
C:   00000018  s_BIT_BANK                      
C:   00000018  s_REG_BANK_3                    
ASxxxx Linker V03.00 + NoICE + sdld,  page 2.
Hexadecimal  [32-Bits]

Area                                    Addr        Size        Decimal Bytes (Attributes)
--------------------------------        ----        ----        ------- ----- ------------
CABS                                00000000    00000000 =           0. bytes (ABS,CON,CODE)

      Value  Global                              Global Defined In Module
      -----  --------------------------------   ------------------------
C:   00000019  s_OSEG                          
C:   00000020  s_BSEG_BYTES                    
C:   00000020  s__CODE                         
C:   00000022  l_GSINIT3                       
C:   0000002A  l_GSINIT4                       
C:   0000002A  s_SSEG                          
C:   00000035  s_GSINIT4                       
C:   0000005F  s_GSINIT                        
C:   0000005F  s_GSINIT5                       
C:   0000006E  s_GSFINAL                       
C:   00000071  s_CSEG                          
C:   0000007B  l_DSEG                          
C:   000000D6  l_SSEG                          
C:   00000100  l_IRAM                          
C:   00000913  l_CSEG                          
C:   00000984  s_CONST                         
C:   00000998  s_XINIT                         

ASxxxx Linker V03.00 + NoICE + sdld,  page 3.
Hexadecimal  [32-Bits]

Area                                    Addr        Size        Decimal Bytes (Attributes)
--------------------------------        ----        ----        ------- ----- ------------
.  .ABS.                            00000000    00000000 =           0. bytes (ABS,CON)

      Value  Global                              Global Defined In Module
      -----  --------------------------------   ------------------------
     00000000  .__.ABS.                           _startup
     00000080  _P0                                delay
     00000080  _P0_0                              delay
     00000081  _P0_1                              delay
     00000081  _SP                                delay
     00000082  _DPL                               delay
     00000082  _P0_2                              delay
     00000083  _DPH                               delay
     00000083  _P0_3                              delay
     00000084  _P0_4                              delay
     00000085  _P0_5                              delay
     00000086  _P0_6                              delay
     00000087  _P0_7                              delay
     00000087  _PCON                              delay
     00000088  _IT0                               delay
     00000088  _TCON                              delay
     00000089  _IE0                               delay
     00000089  _TMOD                              delay
     0000008A  _IT1                               delay
     0000008A  _TL0                               delay
     0000008B  _IE1                               delay
     0000008B  _TL1                               delay
     0000008C  _TH0                               delay
     0000008C  _TR0                               delay
     0000008D  _TF0                               delay
     0000008D  _TH1                               delay
     0000008E  _TR1                               delay
     0000008F  _TF1                               delay
     00000090  _P1                                delay
     00000090  _P1_0                              delay
     00000091  _P1_1                              delay
     00000092  _P1_2                              delay
     00000093  _P1_3                              delay
     00000094  _P1_4                              delay
     00000095  _P1_5                              delay
     00000096  _P1_6                              delay
     00000097  _P1_7                              delay
     00000098  _RI                                delay
     00000098  _SCON                              delay
     00000099  _SBUF                              delay
     00000099  _TI                                delay
     0000009A  _RB8                               delay
     0000009B  _TB8                               delay
     0000009C  _REN                               delay
     0000009D  _SM2                               delay
     0000009E  _SM1                               delay
     0000009F  _SM0                               delay
     000000A0  _P2                                delay
     000000A0  _P2_0                              delay
     000000A0  __XPAGE                            
ASxxxx Linker V03.00 + NoICE + sdld,  page 4.
Hexadecimal  [32-Bits]

Area                                    Addr        Size        Decimal Bytes (Attributes)
--------------------------------        ----        ----        ------- ----- ------------
.  .ABS.                            00000000    00000000 =           0. bytes (ABS,CON)

      Value  Global                              Global Defined In Module
      -----  --------------------------------   ------------------------
     000000A1  _P2_1                              delay
     000000A2  _P2_2                              delay
     000000A3  _P2_3                              delay
     000000A4  _P2_4                              delay
     000000A5  _P2_5                              delay
     000000A6  _P2_6                              delay
     000000A7  _P2_7                              delay
     000000A8  _EX0                               delay
     000000A8  _IE                                delay
     000000A9  _ET0                               delay
     000000AA  _EX1                               delay
     000000AB  _ET1                               delay
     000000AC  _ES                                delay
     000000AD  _ET2                               iic
     000000AF  _EA                                delay
     000000B0  _P3                                delay
     000000B0  _P3_0                              delay
     000000B0  _RXD                               delay
     000000B1  _P3_1                              delay
     000000B1  _TXD                               delay
     000000B2  _INT0                              delay
     000000B2  _P3_2                              delay
     000000B3  _INT1                              delay
     000000B3  _P3_3                              delay
     000000B4  _P3_4                              delay
     000000B4  _T0                                delay
     000000B5  _P3_5                              delay
     000000B5  _T1                                delay
     000000B6  _P3_6                              delay
     000000B6  _WR                                delay
     000000B7  _P3_7                              delay
     000000B7  _RD                                delay
     000000B8  _IP                                delay
     000000B8  _PX0                               delay
     000000B9  _PT0                               delay
     000000BA  _PX1                               delay
     000000BB  _PT1                               delay
     000000BC  _PS                                delay
     000000BD  _PT2                               iic
     000000C8  _CP_RL2                            iic
     000000C8  _T2CON                             iic
     000000C8  _T2CON_0                           iic
     000000C9  _C_T2                              iic
     000000C9  _T2CON_1                           iic
     000000CA  _RCAP2L                            iic
     000000CA  _T2CON_2                           iic
     000000CA  _TR2                               iic
     000000CB  _EXEN2                             iic
     000000CB  _RCAP2H                            iic
     000000CB  _T2CON_3                           iic
     000000CC  _T2CON_4                           iic
ASxxxx Linker V03.00 + NoICE + sdld,  page 5.
Hexadecimal  [32-Bits]

Area                                    Addr        Size        Decimal Bytes (Attributes)
--------------------------------        ----        ----        ------- ----- ------------
.  .ABS.                            00000000    00000000 =           0. bytes (ABS,CON)

      Value  Global                              Global Defined In Module
      -----  --------------------------------   ------------------------
     000000CC  _TCLK                              iic
     000000CC  _TL2                               iic
     000000CD  _RCLK                              iic
     000000CD  _T2CON_5                           iic
     000000CD  _TH2                               iic
     000000CE  _EXF2                              iic
     000000CE  _T2CON_6                           iic
     000000CF  _T2CON_7                           iic
     000000CF  _TF2                               iic
     000000D0  _P                                 delay
     000000D0  _PSW                               delay
     000000D1  _F1                                delay
     000000D2  _OV                                delay
     000000D3  _RS0                               delay
     000000D4  _RS1                               delay
     000000D5  _F0                                delay
     000000D6  _AC                                delay
     000000D7  _CY                                delay
     000000E0  _ACC                               delay
     000000F0  _B                                 delay
     000000F5  _B_5                               _gptrget
     000000F6  _B_6                               _gptrget
     000000F7  _B_7                               _gptrget

ASxxxx Linker V03.00 + NoICE + sdld,  page 6.
Hexadecimal  [32-Bits]

Area                                    Addr        Size        Decimal Bytes (Attributes)
--------------------------------        ----        ----        ------- ----- ------------
BSEG_BYTES                          00000020    00000001 =           1. bytes (REL,CON)

      Value  Global                              Global Defined In Module
      -----  --------------------------------   ------------------------
ASxxxx Linker V03.00 + NoICE + sdld,  page 7.
Hexadecimal  [32-Bits]

Area                                    Addr        Size        Decimal Bytes (Attributes)
--------------------------------        ----        ----        ------- ----- ------------
REG_BANK_0                          00000000    00000008 =           8. bytes (REL,OVR)

      Value  Global                              Global Defined In Module
      -----  --------------------------------   ------------------------
ASxxxx Linker V03.00 + NoICE + sdld,  page 8.
Hexadecimal  [32-Bits]

Area                                    Addr        Size        Decimal Bytes (Attributes)
--------------------------------        ----        ----        ------- ----- ------------
DSEG                                00000000    0000007B =         123. bytes (REL,CON)

      Value  Global                              Global Defined In Module
      -----  --------------------------------   ------------------------
     0000000F  _dataport                          lcd
     00000010  _rs                                lcd
     00000011  _rw                                lcd
     00000012  _en                                lcd
     00000013  _backlight                         lcd
     00000014  _lcd_GoToXY_PARM_2                 lcd
     00000015  _lcd_DisplayRtcTime_PARM_2         lcd
     00000016  _lcd_DisplayRtcTime_PARM_3         lcd
     00000017  _lcd_DisplayRtcDate_PARM_2         lcd
     00000018  _lcd_DisplayRtcDate_PARM_3         lcd
     00000021  _iic_single_byte_read_PARM_2       iic
     00000022  _iic_single_byte_read_PARM_3       iic
     00000025  _iic_ds1307_time_read_PARM_2       iic
     00000028  _iic_single_byte_write_PARM_2      iic
     00000029  _iic_single_byte_write_PARM_3      iic
ASxxxx Linker V03.00 + NoICE + sdld,  page 9.
Hexadecimal  [32-Bits]

Area                                    Addr        Size        Decimal Bytes (Attributes)
--------------------------------        ----        ----        ------- ----- ------------
OSEG                                00000019    00000002 =           2. bytes (REL,OVR)

      Value  Global                              Global Defined In Module
      -----  --------------------------------   ------------------------
     00000019  __divsint_PARM_2                   _divuint
     00000019  __divuint_PARM_2                   _divuint
     00000019  __gptrput_PARM_2                   _gptrput
     00000019  __modsint_PARM_2                   _moduint
     00000019  __moduint_PARM_2                   _moduint

ASxxxx Linker V03.00 + NoICE + sdld,  page 10.
Hexadecimal  [32-Bits]

Area                                    Addr        Size        Decimal Bytes (Attributes)
--------------------------------        ----        ----        ------- ----- ------------
SSEG                                0000002A    000000D6 =         214. bytes (REL,OVR)

      Value  Global                              Global Defined In Module
      -----  --------------------------------   ------------------------
     0000002A  __start__stack                     main_2

ASxxxx Linker V03.00 + NoICE + sdld,  page 11.
Hexadecimal  [32-Bits]

Area                                    Addr        Size        Decimal Bytes (Attributes)
--------------------------------        ----        ----        ------- ----- ------------
HOME                                00000000    00000006 =           6. bytes (REL,CON,CODE)

      Value  Global                              Global Defined In Module
      -----  --------------------------------   ------------------------
C:   00000003  __sdcc_program_startup             main_2

ASxxxx Linker V03.00 + NoICE + sdld,  page 12.
Hexadecimal  [32-Bits]

Area                                    Addr        Size        Decimal Bytes (Attributes)
--------------------------------        ----        ----        ------- ----- ------------
GSINIT0                             00000006    00000003 =           3. bytes (REL,CON,CODE)

      Value  Global                              Global Defined In Module
      -----  --------------------------------   ------------------------
C:   00000006  __sdcc_gsinit_startup              

ASxxxx Linker V03.00 + NoICE + sdld,  page 13.
Hexadecimal  [32-Bits]

Area                                    Addr        Size        Decimal Bytes (Attributes)
--------------------------------        ----        ----        ------- ----- ------------
GSINIT2                             00000009    0000000A =          10. bytes (REL,CON,CODE)

      Value  Global                              Global Defined In Module
      -----  --------------------------------   ------------------------
ASxxxx Linker V03.00 + NoICE + sdld,  page 14.
Hexadecimal  [32-Bits]

Area                                    Addr        Size        Decimal Bytes (Attributes)
--------------------------------        ----        ----        ------- ----- ------------
GSINIT3                             00000013    00000022 =          34. bytes (REL,CON,CODE)

      Value  Global                              Global Defined In Module
      -----  --------------------------------   ------------------------
C:   00000013  __mcs51_genXINIT                   

ASxxxx Linker V03.00 + NoICE + sdld,  page 15.
Hexadecimal  [32-Bits]

Area                                    Addr        Size        Decimal Bytes (Attributes)
--------------------------------        ----        ----        ------- ----- ------------
GSINIT4                             00000035    0000002A =          42. bytes (REL,CON,CODE)

      Value  Global                              Global Defined In Module
      -----  --------------------------------   ------------------------
C:   00000035  __mcs51_genRAMCLEAR                
C:   0000003B  __mcs51_genXRAMCLEAR               

ASxxxx Linker V03.00 + NoICE + sdld,  page 16.
Hexadecimal  [32-Bits]

Area                                    Addr        Size        Decimal Bytes (Attributes)
--------------------------------        ----        ----        ------- ----- ------------
GSINIT                              0000005F    0000000F =          15. bytes (REL,CON,CODE)

      Value  Global                              Global Defined In Module
      -----  --------------------------------   ------------------------
ASxxxx Linker V03.00 + NoICE + sdld,  page 17.
Hexadecimal  [32-Bits]

Area                                    Addr        Size        Decimal Bytes (Attributes)
--------------------------------        ----        ----        ------- ----- ------------
GSFINAL                             0000006E    00000003 =           3. bytes (REL,CON,CODE)

      Value  Global                              Global Defined In Module
      -----  --------------------------------   ------------------------
ASxxxx Linker V03.00 + NoICE + sdld,  page 18.
Hexadecimal  [32-Bits]

Area                                    Addr        Size        Decimal Bytes (Attributes)
--------------------------------        ----        ----        ------- ----- ------------
CSEG                                00000071    00000913 =        2323. bytes (REL,CON,CODE)

      Value  Global                              Global Defined In Module
      -----  --------------------------------   ------------------------
C:   00000071  _I2CStart                          main_2
C:   0000007E  _I2Cask                            main_2
C:   00000094  _I2CStop                           main_2
C:   000000AF  _I2CWrByte                         main_2
C:   000000E8  _SmgDisplay                        main_2
C:   0000012A  _init                              main_2
C:   0000012C  _main                              main_2
C:   000001F3  _lcd_BackLight                     lcd
C:   000001FE  _lcd_Init                          lcd
C:   00000222  _lcd_WriteCmd                      lcd
C:   000002D8  _lcd_Writedata                     lcd
C:   000003B6  _lcd_GoToLineTwo                   lcd
C:   000003BC  _lcd_GoToXY                        lcd
C:   000003DF  _lcd_DisplayString                 lcd
C:   0000040A  _lcd_DisplayRtcTime                lcd
C:   00000461  _lcd_DisplayRtcDate                lcd
C:   000004B8  _iic_start                         iic
C:   000004C5  _iic_stop                          iic
C:   000004D2  _iic_ack                           iic
C:   000004DB  _iic_nack                          iic
C:   000004E6  _iic_read_ack                      iic
C:   000004F7  _iic_send_byte                     iic
C:   00000526  _iic_read_byte                     iic
C:   00000549  _iic_single_byte_read              iic
C:   000005C3  _iic_ds1307_time_read              iic
C:   00000769  _iic_ds1307_temp_read              iic
C:   000007E0  _iic_single_byte_write             iic
C:   00000825  _delay_ms                          delay
C:   00000854  _delay_us                          delay
C:   00000865  __gptrput                          _gptrput
C:   00000880  __moduint                          _moduint
C:   000008CD  __divuint                          _divuint
C:   000008F6  __gptrget                          _gptrget
C:   00000912  __modsint                          _modsint
C:   00000948  __divsint                          _divsint
C:   00000980  __sdcc_external_startup            _startup
ASxxxx Linker V03.00 + NoICE + sdld,  page 19.
Hexadecimal  [32-Bits]

Area                                    Addr        Size        Decimal Bytes (Attributes)
--------------------------------        ----        ----        ------- ----- ------------
CONST                               00000984    00000014 =          20. bytes (REL,CON,CODE)

      Value  Global                              Global Defined In Module
      -----  --------------------------------   ------------------------
ASxxxx Linker V03.00 + NoICE + sdld,  page 20.

Files Linked                              [ module(s) ]

main_2.rel                                [  ]
lcd.rel                                   [  ]
iic.rel                                   [  ]
delay.rel                                 [  ]


Libraries Linked                          [ object file ]

/usr/bin/../share/sdcc/lib/small/mcs51.lib
                                          [ crtclear.rel ]
/usr/bin/../share/sdcc/lib/small/mcs51.lib
                                          [ crtxinit.rel ]
/usr/bin/../share/sdcc/lib/small/libsdcc.lib
                                          [ _gptrput.rel ]
/usr/bin/../share/sdcc/lib/small/libint.lib
                                          [ _moduint.rel ]
/usr/bin/../share/sdcc/lib/small/mcs51.lib
                                          [ crtxclear.rel ]
/usr/bin/../share/sdcc/lib/small/libint.lib
                                          [ _divuint.rel ]
/usr/bin/../share/sdcc/lib/small/mcs51.lib
                                          [ crtpagesfr.rel ]
/usr/bin/../share/sdcc/lib/small/mcs51.lib
                                          [ crtstart.rel ]
/usr/bin/../share/sdcc/lib/small/libsdcc.lib
                                          [ _gptrget.rel ]
/usr/bin/../share/sdcc/lib/small/libint.lib
                                          [ _modsint.rel ]
/usr/bin/../share/sdcc/lib/small/libint.lib
                                          [ _divsint.rel ]
/usr/bin/../share/sdcc/lib/small/libsdcc.lib
                                          [ _startup.rel ]

ASxxxx Linker V03.00 + NoICE + sdld,  page 21.

User Base Address Definitions

HOME = 0x0000
XSEG = 0x0001
PSEG = 0x0001
ISEG = 0x0000
BSEG = 0x0000

